Ä]q (]q(ckeyboard._keyboard_event
KeyboardEvent
q)Åq}q(X
   event_typeqX   upqX	   scan_codeqKX   timeqGA÷Tn›0÷ÕX   deviceq	NX	   is_keypadq
âX   nameqX   enterqubh)Åq}q(hX   downqhKhGA÷Tnﬂ∞∆†h	Nh
âhX   tqubh)Åq}q(hhhKhGA÷Tnﬂµ›Óh	Nh
âhX   tqubh)Åq}q(hhhKhGA÷Tnﬂø†Rh	Nh
âhX   equbh)Åq}q(hhhKhGA÷Tnﬂƒ}'h	Nh
âhX   equbh)Åq}q(hhhKhGA÷Tnﬂ…¯h	Nh
âhX   squbh)Åq}q(hhhKhGA÷TnﬂÕ1dh	Nh
âhX   tqubh)Åq }q!(hhhKhGA÷TnﬂŒ˚îh	Nh
âhX   sq"ubh)Åq#}q$(hhhKhGA÷Tnﬂ“ë2h	Nh
âhX   tq%ubh)Åq&}q'(hhhKhGA÷Tnﬂ”ÿÂh	Nh
âhX   iq(ubh)Åq)}q*(hhhK1hGA÷Tnﬂ◊∞
h	Nh
âhX   nq+ubh)Åq,}q-(hhhKhGA÷Tnﬂ⁄?@h	Nh
âhX   iq.ubh)Åq/}q0(hhhK1hGA÷Tnﬂ‹Kuh	Nh
âhX   nq1ubh)Åq2}q3(hhhK"hGA÷Tnﬂ‹ŒÜh	Nh
âhX   gq4ubh)Åq5}q6(hhhK"hGA÷Tnﬂ‚p}h	Nh
âhX   gq7ube]q8(h)Åq9}q:(hhhK#hGA÷Tn·˚Dh	Nh
âhX   hq;ubh)Åq<}q=(hhhK#hGA÷Tn‚ c‰h	Nh
âhX   hq>ubh)Åq?}q@(hhhKhGA÷Tn‚v®h	Nh
âhX   eqAubh)ÅqB}qC(hhhKhGA÷Tn‚	”h	Nh
âhX   eqDubh)ÅqE}qF(hhhK&hGA÷Tn‚≤´h	Nh
âhX   lqGubh)ÅqH}qI(hhhK&hGA÷Tn‚Õh	Nh
âhX   lqJubh)ÅqK}qL(hhhK&hGA÷Tn‚3h	Nh
âhX   lqMubh)ÅqN}qO(hhhK&hGA÷Tn‚Rh	Nh
âhX   lqPubh)ÅqQ}qR(hhhKhGA÷Tn‚o˝/h	Nh
âhX   oqSubh)ÅqT}qU(hhhKhGA÷Tn‚v%Vh	Nh
âhX   oqVubh)ÅqW}qX(hhhK3hGA÷Tn‚àSÃh	Nh
âhX   ,qYubh)ÅqZ}q[(hhhK3hGA÷Tn‚ç/éh	Nh
âhX   ,q\ubh)Åq]}q^(hhhK9hGA÷Tn‚ìTÜh	Nh
âhX   spaceq_ubh)Åq`}qa(hhhK9hGA÷Tn‚òs$h	Nh
âhh_ubh)Åqb}qc(hhhKhGA÷Tn‚ôªËh	Nh
âhX   wqdubh)Åqe}qf(hhhKhGA÷Tn‚ûW…h	Nh
âhX   wqgubh)Åqh}qi(hhhKhGA÷Tn‚û⁄kh	Nh
âhX   oqjubh)Åqk}ql(hhhKhGA÷Tn‚£2yh	Nh
âhX   rqmubh)Åqn}qo(hhhKhGA÷Tn‚§|™h	Nh
âhX   oqpubh)Åqq}qr(hhhKhGA÷Tn‚®Qh	Nh
âhX   rqsubh)Åqt}qu(hhhK&hGA÷Tn‚©öTh	Nh
âhX   lqvubh)Åqw}qx(hhhK hGA÷Tn‚Æ∏√h	Nh
âhX   dqyubh)Åqz}q{(hhhK&hGA÷Tn‚Ø¿Qh	Nh
âhX   lq|ubh)Åq}}q~(hhhK hGA÷Tn‚≥ÿÊh	Nh
âhX   dqubh)ÅqÄ}qÅ(hhhKhGA÷Tn‚˙¿Úh	Nh
âhX   enterqÇubh)ÅqÉ}qÑ(hhhKhGA÷Tn‚ˇû"h	Nh
âhX   enterqÖubee.